A51 MACRO ASSEMBLER  06                                                                   04/21/2019 18:41:28 PAGE     1


MACRO ASSEMBLER A51 V8.2.7.0
OBJECT MODULE PLACED IN .\Objects\06.obj
ASSEMBLER INVOKED BY: C:\Keil_v5\C51\BIN\A51.EXE 06.asm SET(SMALL) DEBUG PRINT(.\Listings\06.lst) OBJECT(.\Objects\06.ob
                      j) EP

LOC  OBJ            LINE     SOURCE

                       1     ;6. WAP to count number of 1’s in a given byte. (Verified)
                       2     
0000 7820              3     mov R0,#20H
0002 7B08              4     mov R3,#08H
0004 7A00              5     mov R2,#00H
0006 C3                6     Clr C
0007 E6                7     mov A,@R0
0008 13                8     Up: RRC A
0009 5001              9     JNC down 
000B 0A               10     INC R2
000C DBFA             11     down:DJNZ R3,up
000E EA               12     mov A,R2
                      13     end
A51 MACRO ASSEMBLER  06                                                                   04/21/2019 18:41:28 PAGE     2

SYMBOL TABLE LISTING
------ ----- -------


N A M E             T Y P E  V A L U E   ATTRIBUTES

DOWN . . . . . . .  C ADDR   000CH   A   
UP . . . . . . . .  C ADDR   0008H   A   


REGISTER BANK(S) USED: 0 


ASSEMBLY COMPLETE.  0 WARNING(S), 0 ERROR(S)
