A51 MACRO ASSEMBLER  06                                                                   04/20/2019 19:18:29 PAGE     1


MACRO ASSEMBLER A51 V8.2.7.0
NO OBJECT MODULE REQUESTED
ASSEMBLER INVOKED BY: C:\Keil_v5\C51\BIN\A51.EXE 06.asm SET(SMALL) DEBUG PRINT(.\Listings\06.lst) OBJECT(.\Objects\06.ob
                      j) EP

LOC  OBJ            LINE     SOURCE

                       1     ;6.     WAP to count number of 1’s in a given byte. (UnVerified)
                       2     
0000 7820              3     mov R0,#20H
0002 7B08              4     mov R3,#08H
0004 7A00              5     mov R2,#00H
0006 C3                6     Clr C
0007 E6                7     mov A,@R0
0008                   8     Up:- RRC A
*** ____________________________^
*** ERROR #A9 IN 8 (06.asm, LINE 8): SYNTAX ERROR
0008 5001              9     JNC down 
000A 0A               10     INC R2
000B DBFB             11     down:DJNZ R3,up
000D EA               12     mov A,R2
000E F540             13     mov 40H,A
                      14     end
A51 MACRO ASSEMBLER  06                                                                   04/20/2019 19:18:29 PAGE     2

SYMBOL TABLE LISTING
------ ----- -------


N A M E             T Y P E  V A L U E   ATTRIBUTES

DOWN . . . . . . .  C ADDR   000BH   A   
UP . . . . . . . .  C ADDR   0008H   A   


REGISTER BANK(S) USED: 0 


ASSEMBLY COMPLETE.  0 WARNING(S), 1 ERROR(S)
