A51 MACRO ASSEMBLER  10                                                                   04/20/2019 22:59:15 PAGE     1


MACRO ASSEMBLER A51 V8.2.7.0
NO OBJECT MODULE REQUESTED
ASSEMBLER INVOKED BY: C:\Keil_v5\C51\BIN\A51.EXE 10.asm SET(SMALL) DEBUG PRINT(.\Listings\10.lst) OBJECT(.\Objects\10.ob
                      j) EP

LOC  OBJ            LINE     SOURCE

                       1     ;10. WAP to exchange data blocks of 10 bytes. (Verified)
                       2     
0000 7830              3     mov R0,#30H
0002 7940              4     mov R1,#40H
0004 7A0A              5     mov R2 ,#0AH
0006 E6                6     up: mov A,@R0
0007 C7                7     XCH A,@R1
0008                   8     mov @R0,A.
*** __________________________________^
*** ERROR #A9 IN 8 (10.asm, LINE 8): SYNTAX ERROR
0008 08                9     inc R0
0009 09               10     inc R1
000A DAFA             11     DJNZ R2,up
000C 80FE             12     here: SJMP here
                      13     end
A51 MACRO ASSEMBLER  10                                                                   04/20/2019 22:59:15 PAGE     2

SYMBOL TABLE LISTING
------ ----- -------


N A M E             T Y P E  V A L U E   ATTRIBUTES

HERE . . . . . . .  C ADDR   000CH   A   
UP . . . . . . . .  C ADDR   0006H   A   


REGISTER BANK(S) USED: 0 


ASSEMBLY COMPLETE.  0 WARNING(S), 1 ERROR(S)
