A51 MACRO ASSEMBLER  17                                                                   04/20/2019 23:49:11 PAGE     1


MACRO ASSEMBLER A51 V8.2.7.0
OBJECT MODULE PLACED IN .\Objects\17.obj
ASSEMBLER INVOKED BY: C:\Keil_v5\C51\BIN\A51.EXE 17.asm SET(SMALL) DEBUG PRINT(.\Listings\17.lst) OBJECT(.\Objects\17.ob
                      j) EP

LOC  OBJ            LINE     SOURCE

                       1     ;17.    WAP to evaluate expression ‘x2 + x + 1’ where ‘x’ is an 8-bit number. (Verified)
                       2     
0000                   3     org 00h
0000 7810              4     mov r0,#10h
0002 7920              5     mov r1,#20h
0004 E6                6     mov a,@r0
0005 F5F0              7     mov b,a
0007 A4                8     mul ab
0008 26                9     add a,@r0
0009 F7               10     mov @r1,a
000A E5F0             11     mov a,b
000C 3400             12     addc a,#00h
000E F5F0             13     mov b,a
0010 E7               14     mov a,@r1
0011 2401             15     add a,#1h
0013 08               16     inc r0
0014 F6               17     mov @r0,a
0015 E5F0             18     mov a,b
0017 3400             19     addc a,#00h
0019 08               20     inc r0
001A F6               21     mov @r0,a
001B 80FE             22     stop: sjmp stop
                      23     end
A51 MACRO ASSEMBLER  17                                                                   04/20/2019 23:49:11 PAGE     2

SYMBOL TABLE LISTING
------ ----- -------


N A M E             T Y P E  V A L U E   ATTRIBUTES

B. . . . . . . . .  D ADDR   00F0H   A   
STOP . . . . . . .  C ADDR   001BH   A   


REGISTER BANK(S) USED: 0 


ASSEMBLY COMPLETE.  0 WARNING(S), 0 ERROR(S)
