A51 MACRO ASSEMBLER  18                                                                   04/20/2019 20:51:49 PAGE     1


MACRO ASSEMBLER A51 V8.2.7.0
OBJECT MODULE PLACED IN .\Objects\18.obj
ASSEMBLER INVOKED BY: C:\Keil_v5\C51\BIN\A51.EXE 18.asm SET(SMALL) DEBUG PRINT(.\Listings\18.lst) OBJECT(.\Objects\18.ob
                      j) EP

LOC  OBJ            LINE     SOURCE

                       1     ;18.    WAP to convert packed BCD into unpacked BCD number. (Techmax page L-1) 
                       2             
0000 7492              3     MOV A,#92H
0002 F5F0              4     MOV B,A
0004 54F0              5     ANL A,#0F0H
0006 C4                6     SWAP A
0007 F9                7     MOV R1,A
0008 E5F0              8     MOV A,B
000A 540F              9     ANL A ,#0FH
000C F8               10     MOV R0,A
                      11     END
A51 MACRO ASSEMBLER  18                                                                   04/20/2019 20:51:49 PAGE     2

SYMBOL TABLE LISTING
------ ----- -------


N A M E             T Y P E  V A L U E   ATTRIBUTES

B. . . . . . . . .  D ADDR   00F0H   A   


REGISTER BANK(S) USED: 0 


ASSEMBLY COMPLETE.  0 WARNING(S), 0 ERROR(S)
